2026-03-24T07:19:03 | cant_reach | {"type":"cant_reach"}
2026-03-24T07:19:04 | level_up | {"type":"level_up","skill":"Defence","level":34,"xp":10100}
2026-03-24T07:19:05 | attacked | {"type":"attacked","by":"Chicken","level":1}
2026-03-24T07:19:06 | level_up | {"type":"level_up","skill":"Hitpoints","level":44,"xp":21187}
2026-03-24T07:19:11 | combat_end | {"type":"combat_end","hpLost":0}
2026-03-24T07:19:14 | new_message | {"type":"new_message","text":"You bury the bones.","msgType":0}
2026-03-24T07:19:14 | inventory_change | {"type":"inventory_change","added":["Bones"],"removed":[]}
2026-03-24T07:19:14 | inventory_full | {"type":"inventory_full"}
2026-03-24T07:20:22 | inventory_change | {"type":"inventory_change","added":[],"removed":["Bones"]}
2026-03-24T07:20:28 | attacked | {"type":"attacked","by":"Chicken","level":1}
2026-03-24T07:20:28 | new_message | {"type":"new_message","text":"You bury the bones.","msgType":0}
2026-03-24T07:20:28 | inventory_change | {"type":"inventory_change","added":["Bones"],"removed":[]}
2026-03-24T07:20:28 | inventory_full | {"type":"inventory_full"}
2026-03-24T07:21:36 | combat_end | {"type":"combat_end","hpLost":0}
2026-03-24T07:21:36 | inventory_change | {"type":"inventory_change","added":[],"removed":["Bones"]}
2026-03-24T07:21:43 | new_message | {"type":"new_message","text":"You bury the bones.","msgType":0}
2026-03-24T07:21:43 | inventory_change | {"type":"inventory_change","added":["Bones"],"removed":[]}
2026-03-24T07:21:43 | inventory_full | {"type":"inventory_full"}
2026-03-24T07:23:35 | level_up | {"type":"level_up","skill":"Defence","level":35,"xp":11100}
2026-03-24T07:23:35 | inventory_change | {"type":"inventory_change","added":[],"removed":["Bones"]}
2026-03-24T07:23:40 | new_message | {"type":"new_message","text":"You bury the bones.","msgType":0}
2026-03-24T07:23:40 | inventory_change | {"type":"inventory_change","added":["Bones"],"removed":[]}
2026-03-24T07:23:40 | inventory_full | {"type":"inventory_full"}
2026-03-24T07:25:27 | cant_reach | {"type":"cant_reach"}
2026-03-24T07:25:27 | inventory_change | {"type":"inventory_change","added":[],"removed":["Bones"]}
2026-03-24T07:25:29 | attacked | {"type":"attacked","by":"Chicken","level":1}
2026-03-24T07:25:33 | combat_end | {"type":"combat_end","hpLost":0}
2026-03-24T07:25:36 | level_up | {"type":"level_up","skill":"Prayer","level":33,"xp":10012}
2026-03-24T07:25:36 | inventory_change | {"type":"inventory_change","added":["Bones"],"removed":[]}
2026-03-24T07:25:36 | inventory_full | {"type":"inventory_full"}
2026-03-24T07:27:34 | cant_reach | {"type":"cant_reach"}
2026-03-24T07:27:34 | inventory_change | {"type":"inventory_change","added":[],"removed":["Bones"]}
2026-03-24T07:27:43 | inventory_change | {"type":"inventory_change","added":["Bones"],"removed":[]}
2026-03-24T07:27:43 | inventory_full | {"type":"inventory_full"}
2026-03-24T07:33:47 | cant_reach | {"type":"cant_reach"}
2026-03-24T07:33:47 | inventory_change | {"type":"inventory_change","added":[],"removed":["Bones"]}
2026-03-24T07:33:49 | level_up | {"type":"level_up","skill":"Defence","level":36,"xp":12000}
2026-03-24T07:33:59 | inventory_change | {"type":"inventory_change","added":["Bones"],"removed":[]}
2026-03-24T07:33:59 | inventory_full | {"type":"inventory_full"}
2026-03-24T07:34:50 | cant_reach | {"type":"cant_reach"}
2026-03-24T07:34:50 | inventory_change | {"type":"inventory_change","added":[],"removed":["Bones"]}
